DEBUG:root:File that is being parsed currently is C:\Users\utkar\Downloads\Github Repos\SonificationML\Dataset\Clementi dataset\Clementi dataset\clementi_opus36_1_1.mid
DEBUG:root:File that is being parsed currently is C:\Users\utkar\Downloads\Github Repos\SonificationML\Dataset\Clementi dataset\Clementi dataset\clementi_opus36_1_2.mid
DEBUG:root:File that is being parsed currently is C:\Users\utkar\Downloads\Github Repos\SonificationML\Dataset\Clementi dataset\Clementi dataset\clementi_opus36_1_3.mid
DEBUG:root:File that is being parsed currently is C:\Users\utkar\Downloads\Github Repos\SonificationML\Dataset\Clementi dataset\Clementi dataset\clementi_opus36_2_1.mid
DEBUG:root:File that is being parsed currently is C:\Users\utkar\Downloads\Github Repos\SonificationML\Dataset\Clementi dataset\Clementi dataset\clementi_opus36_2_2.mid
DEBUG:root:File that is being parsed currently is C:\Users\utkar\Downloads\Github Repos\SonificationML\Dataset\Clementi dataset\Clementi dataset\clementi_opus36_2_3.mid
DEBUG:root:File that is being parsed currently is C:\Users\utkar\Downloads\Github Repos\SonificationML\Dataset\Clementi dataset\Clementi dataset\clementi_opus36_3_1.mid
DEBUG:root:File that is being parsed currently is C:\Users\utkar\Downloads\Github Repos\SonificationML\Dataset\Clementi dataset\Clementi dataset\clementi_opus36_3_2.mid
DEBUG:root:File that is being parsed currently is C:\Users\utkar\Downloads\Github Repos\SonificationML\Dataset\Clementi dataset\Clementi dataset\clementi_opus36_3_3.mid
DEBUG:root:File that is being parsed currently is C:\Users\utkar\Downloads\Github Repos\SonificationML\Dataset\Clementi dataset\Clementi dataset\clementi_opus36_4_1.mid
DEBUG:root:File that is being parsed currently is C:\Users\utkar\Downloads\Github Repos\SonificationML\Dataset\Clementi dataset\Clementi dataset\clementi_opus36_4_2.mid
DEBUG:root:File that is being parsed currently is C:\Users\utkar\Downloads\Github Repos\SonificationML\Dataset\Clementi dataset\Clementi dataset\clementi_opus36_4_3.mid
DEBUG:root:File that is being parsed currently is C:\Users\utkar\Downloads\Github Repos\SonificationML\Dataset\Clementi dataset\Clementi dataset\clementi_opus36_5_1.mid
DEBUG:root:File that is being parsed currently is C:\Users\utkar\Downloads\Github Repos\SonificationML\Dataset\Clementi dataset\Clementi dataset\clementi_opus36_5_2.mid
DEBUG:root:File that is being parsed currently is C:\Users\utkar\Downloads\Github Repos\SonificationML\Dataset\Clementi dataset\Clementi dataset\clementi_opus36_5_3.mid
DEBUG:root:File that is being parsed currently is C:\Users\utkar\Downloads\Github Repos\SonificationML\Dataset\Clementi dataset\Clementi dataset\clementi_opus36_6_1.mid
DEBUG:root:File that is being parsed currently is C:\Users\utkar\Downloads\Github Repos\SonificationML\Dataset\Clementi dataset\Clementi dataset\clementi_opus36_6_2.mid
DEBUG:root:File that is being parsed currently is C:\Users\utkar\Downloads\Github Repos\SonificationML\Dataset\Clementi dataset\Clementi dataset\clementi_opus36_1_1.mid
DEBUG:root:File that is being parsed currently is C:\Users\utkar\Downloads\Github Repos\SonificationML\Dataset\Clementi dataset\Clementi dataset\clementi_opus36_1_2.mid
DEBUG:root:File that is being parsed currently is C:\Users\utkar\Downloads\Github Repos\SonificationML\Dataset\Clementi dataset\Clementi dataset\clementi_opus36_1_3.mid
DEBUG:root:File that is being parsed currently is C:\Users\utkar\Downloads\Github Repos\SonificationML\Dataset\Clementi dataset\Clementi dataset\clementi_opus36_2_1.mid
DEBUG:root:File that is being parsed currently is C:\Users\utkar\Downloads\Github Repos\SonificationML\Dataset\Clementi dataset\Clementi dataset\clementi_opus36_2_2.mid
DEBUG:root:File that is being parsed currently is C:\Users\utkar\Downloads\Github Repos\SonificationML\Dataset\Clementi dataset\Clementi dataset\clementi_opus36_2_3.mid
DEBUG:root:File that is being parsed currently is C:\Users\utkar\Downloads\Github Repos\SonificationML\Dataset\Clementi dataset\Clementi dataset\clementi_opus36_3_1.mid
DEBUG:root:File that is being parsed currently is C:\Users\utkar\Downloads\Github Repos\SonificationML\Dataset\Clementi dataset\Clementi dataset\clementi_opus36_3_2.mid
DEBUG:root:File that is being parsed currently is C:\Users\utkar\Downloads\Github Repos\SonificationML\Dataset\Clementi dataset\Clementi dataset\clementi_opus36_3_3.mid
DEBUG:root:File that is being parsed currently is C:\Users\utkar\Downloads\Github Repos\SonificationML\Dataset\Clementi dataset\Clementi dataset\clementi_opus36_4_1.mid
DEBUG:root:File that is being parsed currently is C:\Users\utkar\Downloads\Github Repos\SonificationML\Dataset\Clementi dataset\Clementi dataset\clementi_opus36_4_2.mid
DEBUG:root:File that is being parsed currently is C:\Users\utkar\Downloads\Github Repos\SonificationML\Dataset\Clementi dataset\Clementi dataset\clementi_opus36_4_3.mid
DEBUG:root:File that is being parsed currently is C:\Users\utkar\Downloads\Github Repos\SonificationML\Dataset\Clementi dataset\Clementi dataset\clementi_opus36_5_1.mid
DEBUG:root:File that is being parsed currently is C:\Users\utkar\Downloads\Github Repos\SonificationML\Dataset\Clementi dataset\Clementi dataset\clementi_opus36_5_2.mid
DEBUG:root:File that is being parsed currently is C:\Users\utkar\Downloads\Github Repos\SonificationML\Dataset\Clementi dataset\Clementi dataset\clementi_opus36_5_3.mid
DEBUG:root:File that is being parsed currently is C:\Users\utkar\Downloads\Github Repos\SonificationML\Dataset\Clementi dataset\Clementi dataset\clementi_opus36_6_1.mid
DEBUG:root:File that is being parsed currently is C:\Users\utkar\Downloads\Github Repos\SonificationML\Dataset\Clementi dataset\Clementi dataset\clementi_opus36_6_2.mid
